// Jest Snapshot v1, https://goo.gl/fbAQLP

exports[`RequestForm Test Suite snapshot render should match 1`] = `
<form
  id="userForm"
  onSubmit={[Function]}
>
  <div
    id="namePhoneFlex"
  >
    <input
      className="inputField"
      name="name"
      onBlur={[Function]}
      onChange={[Function]}
      placeholder="Name"
      required={true}
      value=""
    />
    <input
      className="inputField"
      name="number"
      onBlur={[Function]}
      onChange={[Function]}
      pattern="^\\\\(?([0-9]{3})\\\\)?[-.●]?([0-9]{3})[-.●]?([0-9]{4})$"
      placeholder="Phone"
      required={true}
      type="tel"
      value=""
    />
  </div>
  <FormErrors
    email={null}
    name={false}
    number={false}
  />
  <input
    className="inputField"
    id="emailForm"
    name="email"
    onBlur={[Function]}
    onChange={[Function]}
    placeholder="Email"
    required={true}
    type="email"
    value=""
  />
  <FormErrors
    email={false}
    name={null}
    number={null}
  />
  <FinancingCheck
    call={true}
    setCall={[Function]}
  />
  <button
    id="tourSubmit"
    type="submit"
  >
    Schedule A Tour
  </button>
</form>
`;
